# Auto-generated phrase file using Amazon Polly
# Generated from files: script.txt

statement1:
  behaviors:
  - args:
    - '1'
    - '3'
    - '0.9'
    id: breath
    start: 0.909
    type: action
  - args: []
    id: leftBrowRaise
    start: 2.589
    type: action
  - id: VELAR_GLOTTAL
    start: 0.006
    type: viseme
  - id: OPEN_FRONT_VOWEL
    start: 0.141
    type: viseme
  - id: IDLE
    start: 0.506
    type: viseme
  - id: CLOSE_BACK_VOWEL
    start: 0.899
    type: viseme
  - id: OPEN_FRONT_VOWEL
    start: 0.979
    type: viseme
  - id: DENTAL_ALVEOLAR
    start: 1.011
    type: viseme
  - id: VELAR_GLOTTAL
    start: 1.073
    type: viseme
  - id: MID_CENTRAL_VOWEL
    start: 1.131
    type: viseme
  - id: BILABIAL
    start: 1.171
    type: viseme
  - id: DENTAL_ALVEOLAR
    start: 1.251
    type: viseme
  - id: CLOSE_BACK_VOWEL
    start: 1.287
    type: viseme
  - id: VELAR_GLOTTAL
    start: 1.32
    type: viseme
  - id: OPEN_BACK_VOWEL
    start: 1.428
    type: viseme
  - id: POSTALVEOLAR
    start: 1.53
    type: viseme
  - id: POSTALVEOLAR
    start: 1.6
    type: viseme
  - id: MID_CENTRAL_VOWEL
    start: 1.682
    type: viseme
  - id: DENTAL_ALVEOLAR
    start: 1.749
    type: viseme
  - id: IDLE
    start: 2.009
    type: viseme
  - id: INTERDENTAL
    start: 2.203
    type: viseme
  - id: MID_CENTRAL_VOWEL
    start: 2.252
    type: viseme
  - id: BILABIAL
    start: 2.278
    type: viseme
  - id: OPEN_BACK_VOWEL
    start: 2.369
    type: viseme
  - id: DENTAL_ALVEOLAR
    start: 2.46
    type: viseme
  - id: DENTAL_ALVEOLAR
    start: 2.533
    type: viseme
  - id: VELAR_GLOTTAL
    start: 2.579
    type: viseme
  - id: OPEN_BACK_VOWEL
    start: 2.708
    type: viseme
  - id: POSTALVEOLAR
    start: 2.788
    type: viseme
  - id: POSTALVEOLAR
    start: 2.834
    type: viseme
  - id: MID_CENTRAL_VOWEL
    start: 2.914
    type: viseme
  - id: DENTAL_ALVEOLAR
    start: 2.965
    type: viseme
  - id: POSTALVEOLAR
    start: 3.041
    type: viseme
  - id: OPEN_BACK_VOWEL
    start: 3.157
    type: viseme
  - id: BILABIAL
    start: 3.237
    type: viseme
  - id: OPEN_FRONT_VOWEL
    start: 3.284
    type: viseme
  - id: DENTAL_ALVEOLAR
    start: 3.424
    type: viseme
  - id: VELAR_GLOTTAL
    start: 3.471
    type: viseme
  - id: MID_CENTRAL_VOWEL
    start: 3.541
    type: viseme
  - id: DENTAL_ALVEOLAR
    start: 3.585
    type: viseme
  - id: DENTAL_ALVEOLAR
    start: 3.634
    type: viseme
  - id: POSTALVEOLAR
    start: 3.749
    type: viseme
  - id: OPEN_BACK_VOWEL
    start: 3.788
    type: viseme
  - id: DENTAL_ALVEOLAR
    start: 3.864
    type: viseme
  - id: OPEN_FRONT_VOWEL
    start: 3.978
    type: viseme
  - id: IDLE
    start: 4.159
    type: viseme
  file: /mnt/hgfs/interaction-lab/catkin_ws/src/cordial-public/cordial_example/speech/data/statement1.wav
  text: '"<speak><lang xml:lang="en-US">Hi! Welcome to cordial, the most cordial robot
    controller!</lang></speak>"'
statement10:
  behaviors:
  - args: []
    id: saucy
    start: 1.349
    type: action
  - id: OPEN_FRONT_VOWEL
    start: 0.006
    type: viseme
  - id: VELAR_GLOTTAL
    start: 0.106
    type: viseme
  - id: OPEN_FRONT_VOWEL
    start: 0.197
    type: viseme
  - id: DENTAL_ALVEOLAR
    start: 0.268
    type: viseme
  - id: DENTAL_ALVEOLAR
    start: 0.351
    type: viseme
  - id: OPEN_FRONT_VOWEL
    start: 0.458
    type: viseme
  - id: VELAR_GLOTTAL
    start: 0.537
    type: viseme
  - id: DENTAL_ALVEOLAR
    start: 0.6
    type: viseme
  - id: POSTALVEOLAR
    start: 0.662
    type: viseme
  - id: MID_CENTRAL_VOWEL
    start: 0.695
    type: viseme
  - id: BILABIAL
    start: 0.723
    type: viseme
  - id: OPEN_FRONT_VOWEL
    start: 0.793
    type: viseme
  - id: DENTAL_ALVEOLAR
    start: 0.915
    type: viseme
  - id: CLOSE_FRONT_VOWEL
    start: 0.974
    type: viseme
  - id: VELAR_GLOTTAL
    start: 1.087
    type: viseme
  - id: IDLE
    start: 1.239
    type: viseme
  - id: BILABIAL
    start: 2.633
    type: viseme
  - id: OPEN_BACK_VOWEL
    start: 2.74
    type: viseme
  - id: DENTAL_ALVEOLAR
    start: 2.921
    type: viseme
  - id: MID_CENTRAL_VOWEL
    start: 2.971
    type: viseme
  - id: DENTAL_ALVEOLAR
    start: 3.093
    type: viseme
  - id: IDLE
    start: 3.267
    type: viseme
  file: /mnt/hgfs/interaction-lab/catkin_ws/src/cordial-public/cordial_example/speech/data/statement10.wav
  text: '"<speak><lang xml:lang="en-US">I can take dramatic <break time="1200ms"/>
    pauses.</lang></speak>"'
statement11:
  behaviors:
  - id: OPEN_FRONT_VOWEL
    start: 0.006
    type: viseme
  - id: DENTAL_ALVEOLAR
    start: 0.11
    type: viseme
  - id: OPEN_BACK_VOWEL
    start: 0.192
    type: viseme
  - id: INTERDENTAL
    start: 0.301
    type: viseme
  - id: MID_CENTRAL_VOWEL
    start: 0.369
    type: viseme
  - id: DENTAL_ALVEOLAR
    start: 0.416
    type: viseme
  - id: CLOSE_FRONT_VOWEL
    start: 0.467
    type: viseme
  - id: LABIODENTAL
    start: 0.507
    type: viseme
  - id: POSTALVEOLAR
    start: 0.586
    type: viseme
  - id: MID_CENTRAL_VOWEL
    start: 0.628
    type: viseme
  - id: DENTAL_ALVEOLAR
    start: 0.657
    type: viseme
  - id: DENTAL_ALVEOLAR
    start: 0.696
    type: viseme
  - id: BILABIAL
    start: 0.755
    type: viseme
  - id: CLOSE_FRONT_VOWEL
    start: 0.807
    type: viseme
  - id: DENTAL_ALVEOLAR
    start: 0.84
    type: viseme
  - id: CLOSE_BACK_VOWEL
    start: 0.942
    type: viseme
  - id: CLOSE_FRONT_VOWEL
    start: 0.982
    type: viseme
  - id: DENTAL_ALVEOLAR
    start: 1.044
    type: viseme
  - id: BILABIAL
    start: 1.088
    type: viseme
  - id: CLOSE_FRONT_VOWEL
    start: 1.175
    type: viseme
  - id: VELAR_GLOTTAL
    start: 1.228
    type: viseme
  - id: OPEN_FRONT_VOWEL
    start: 1.349
    type: viseme
  - id: DENTAL_ALVEOLAR
    start: 1.45
    type: viseme
  - id: OPEN_FRONT_VOWEL
    start: 1.512
    type: viseme
  - id: DENTAL_ALVEOLAR
    start: 1.647
    type: viseme
  - id: DENTAL_ALVEOLAR
    start: 1.757
    type: viseme
  - id: IDLE
    start: 1.875
    type: viseme
  - id: BILABIAL
    start: 2.277
    type: viseme
  - id: CLOSE_FRONT_VOWEL
    start: 2.409
    type: viseme
  - id: VELAR_GLOTTAL
    start: 2.497
    type: viseme
  - id: OPEN_FRONT_VOWEL
    start: 2.634
    type: viseme
  - id: DENTAL_ALVEOLAR
    start: 2.726
    type: viseme
  - id: IDLE
    start: 2.821
    type: viseme
  - id: OPEN_BACK_VOWEL
    start: 3.122
    type: viseme
  - id: POSTALVEOLAR
    start: 3.302
    type: viseme
  - id: IDLE
    start: 3.446
    type: viseme
  - id: LABIODENTAL
    start: 3.849
    type: viseme
  - id: OPEN_FRONT_VOWEL
    start: 3.916
    type: viseme
  - id: DENTAL_ALVEOLAR
    start: 4.06
    type: viseme
  - id: IDLE
    start: 4.233
    type: viseme
  - id: OPEN_FRONT_VOWEL
    start: 4.533
    type: viseme
  - id: DENTAL_ALVEOLAR
    start: 4.751
    type: viseme
  - id: DENTAL_ALVEOLAR
    start: 4.839
    type: viseme
  - id: IDLE
    start: 4.943
    type: viseme
  - id: LABIODENTAL
    start: 5.436
    type: viseme
  - id: OPEN_FRONT_VOWEL
    start: 5.5
    type: viseme
  - id: DENTAL_ALVEOLAR
    start: 5.719
    type: viseme
  - id: IDLE
    start: 5.927
    type: viseme
  file: /mnt/hgfs/interaction-lab/catkin_ws/src/cordial-public/cordial_example/speech/data/statement11.wav
  text: !!python/str "\"<speak><lang xml:lang=\"en-US\">I know the difference between\
    \ <phoneme alphabet=\"x-sampa\" ph=\"pI\u02C8kA\u02D0n\">pecan</phoneme> and <break\
    \ time=\"200ms\"/> <phoneme alphabet=\"x-sampa\" ph=\"pi'k{n\">pecan</phoneme>\
    \ <break time=\"100ms\"/>or <break time=\"200ms\"/><phoneme alphabet=\"x-sampa\"\
    \ ph=\"veIs\">vase</phoneme> <break time=\"100ms\"/>and <break time=\"300ms\"\
    /><phoneme alphabet=\"x-sampa\" ph=\"vAz\">vase</phoneme>.</lang></speak>\""
statement12:
  behaviors:
  - id: OPEN_FRONT_VOWEL
    start: 0.006
    type: viseme
  - id: VELAR_GLOTTAL
    start: 0.114
    type: viseme
  - id: OPEN_FRONT_VOWEL
    start: 0.195
    type: viseme
  - id: DENTAL_ALVEOLAR
    start: 0.238
    type: viseme
  - id: DENTAL_ALVEOLAR
    start: 0.297
    type: viseme
  - id: OPEN_FRONT_VOWEL
    start: 0.425
    type: viseme
  - id: LABIODENTAL
    start: 0.525
    type: viseme
  - id: POSTALVEOLAR
    start: 0.653
    type: viseme
  - id: OPEN_FRONT_VOWEL
    start: 0.695
    type: viseme
  - id: VELAR_GLOTTAL
    start: 0.813
    type: viseme
  - id: POSTALVEOLAR
    start: 0.884
    type: viseme
  - id: DENTAL_ALVEOLAR
    start: 0.97
    type: viseme
  - id: DENTAL_ALVEOLAR
    start: 1.042
    type: viseme
  - id: DENTAL_ALVEOLAR
    start: 1.114
    type: viseme
  - id: OPEN_FRONT_VOWEL
    start: 1.142
    type: viseme
  - id: VELAR_GLOTTAL
    start: 1.209
    type: viseme
  - id: INTERDENTAL
    start: 1.26
    type: viseme
  - id: POSTALVEOLAR
    start: 1.329
    type: viseme
  - id: CLOSE_FRONT_VOWEL
    start: 1.412
    type: viseme
  - id: MID_CENTRAL_VOWEL
    start: 1.533
    type: viseme
  - id: DENTAL_ALVEOLAR
    start: 1.571
    type: viseme
  - id: DENTAL_ALVEOLAR
    start: 1.612
    type: viseme
  - id: MID_CENTRAL_VOWEL
    start: 1.647
    type: viseme
  - id: VELAR_GLOTTAL
    start: 1.681
    type: viseme
  - id: OPEN_FRONT_VOWEL
    start: 1.769
    type: viseme
  - id: LABIODENTAL
    start: 1.908
    type: viseme
  - id: OPEN_BACK_VOWEL
    start: 2.041
    type: viseme
  - id: POSTALVEOLAR
    start: 2.093
    type: viseme
  - id: DENTAL_ALVEOLAR
    start: 2.146
    type: viseme
  - id: OPEN_FRONT_VOWEL
    start: 2.294
    type: viseme
  - id: DENTAL_ALVEOLAR
    start: 2.348
    type: viseme
  - id: MID_CENTRAL_VOWEL
    start: 2.448
    type: viseme
  - id: LABIODENTAL
    start: 2.475
    type: viseme
  - id: OPEN_BACK_VOWEL
    start: 2.538
    type: viseme
  - id: DENTAL_ALVEOLAR
    start: 2.628
    type: viseme
  - id: DENTAL_ALVEOLAR
    start: 2.694
    type: viseme
  - id: OPEN_FRONT_VOWEL
    start: 2.764
    type: viseme
  - id: BILABIAL
    start: 2.826
    type: viseme
  - id: BILABIAL
    start: 2.856
    type: viseme
  - id: OPEN_FRONT_VOWEL
    start: 2.898
    type: viseme
  - id: DENTAL_ALVEOLAR
    start: 2.995
    type: viseme
  - id: DENTAL_ALVEOLAR
    start: 3.053
    type: viseme
  - id: OPEN_FRONT_VOWEL
    start: 3.103
    type: viseme
  - id: VELAR_GLOTTAL
    start: 3.194
    type: viseme
  - id: DENTAL_ALVEOLAR
    start: 3.254
    type: viseme
  - id: CLOSE_BACK_VOWEL
    start: 3.399
    type: viseme
  - id: CLOSE_BACK_VOWEL
    start: 3.501
    type: viseme
  - id: OPEN_FRONT_VOWEL
    start: 3.601
    type: viseme
  - id: DENTAL_ALVEOLAR
    start: 3.658
    type: viseme
  - id: INTERDENTAL
    start: 3.737
    type: viseme
  - id: POSTALVEOLAR
    start: 3.818
    type: viseme
  - id: CLOSE_FRONT_VOWEL
    start: 3.905
    type: viseme
  - id: IDLE
    start: 4.134
    type: viseme
  - id: DENTAL_ALVEOLAR
    start: 4.315
    type: viseme
  - id: OPEN_FRONT_VOWEL
    start: 4.43
    type: viseme
  - id: LABIODENTAL
    start: 4.509
    type: viseme
  - id: DENTAL_ALVEOLAR
    start: 4.569
    type: viseme
  - id: LABIODENTAL
    start: 4.639
    type: viseme
  - id: OPEN_BACK_VOWEL
    start: 4.761
    type: viseme
  - id: POSTALVEOLAR
    start: 4.841
    type: viseme
  - id: DENTAL_ALVEOLAR
    start: 4.907
    type: viseme
  - id: CLOSE_FRONT_VOWEL
    start: 4.971
    type: viseme
  - id: POSTALVEOLAR
    start: 5.049
    type: viseme
  - id: OPEN_BACK_VOWEL
    start: 5.181
    type: viseme
  - id: IDLE
    start: 5.368
    type: viseme
  - id: DENTAL_ALVEOLAR
    start: 5.562
    type: viseme
  - id: CLOSE_FRONT_VOWEL
    start: 5.724
    type: viseme
  - id: VELAR_GLOTTAL
    start: 5.803
    type: viseme
  - id: DENTAL_ALVEOLAR
    start: 5.872
    type: viseme
  - id: DENTAL_ALVEOLAR
    start: 5.991
    type: viseme
  - id: CLOSE_BACK_VOWEL
    start: 6.083
    type: viseme
  - id: LABIODENTAL
    start: 6.19
    type: viseme
  - id: OPEN_BACK_VOWEL
    start: 6.319
    type: viseme
  - id: POSTALVEOLAR
    start: 6.431
    type: viseme
  - id: LABIODENTAL
    start: 6.481
    type: viseme
  - id: OPEN_FRONT_VOWEL
    start: 6.603
    type: viseme
  - id: LABIODENTAL
    start: 6.84
    type: viseme
  - id: IDLE
    start: 6.99
    type: viseme
  file: /mnt/hgfs/interaction-lab/catkin_ws/src/cordial-public/cordial_example/speech/data/statement12.wav
  text: '"<speak><lang xml:lang="en-US">I can say fractions like <say-as interpret-as="fraction">3+1/2</say-as>
    or telephone numbers like <say-as interpret-as="telephone">2137406245</say-as></lang></speak>"'
statement13:
  behaviors:
  - args:
    - '0.5'
    - '1.3'
    - '0.9'
    id: breath
    start: 2.7249999999999996
    type: action
  - id: BILABIAL
    start: 0.006
    type: viseme
  - id: MID_CENTRAL_VOWEL
    start: 0.044
    type: viseme
  - id: DENTAL_ALVEOLAR
    start: 0.097
    type: viseme
  - id: DENTAL_ALVEOLAR
    start: 0.141
    type: viseme
  - id: OPEN_BACK_VOWEL
    start: 0.189
    type: viseme
  - id: DENTAL_ALVEOLAR
    start: 0.289
    type: viseme
  - id: DENTAL_ALVEOLAR
    start: 0.321
    type: viseme
  - id: CLOSE_BACK_VOWEL
    start: 0.353
    type: viseme
  - id: OPEN_FRONT_VOWEL
    start: 0.462
    type: viseme
  - id: CLOSE_FRONT_VOWEL
    start: 0.581
    type: viseme
  - id: IDLE
    start: 0.853
    type: viseme
  - id: OPEN_FRONT_VOWEL
    start: 1.046
    type: viseme
  - id: VELAR_GLOTTAL
    start: 1.157
    type: viseme
  - id: OPEN_FRONT_VOWEL
    start: 1.231
    type: viseme
  - id: DENTAL_ALVEOLAR
    start: 1.275
    type: viseme
  - id: DENTAL_ALVEOLAR
    start: 1.332
    type: viseme
  - id: DENTAL_ALVEOLAR
    start: 1.451
    type: viseme
  - id: CLOSE_FRONT_VOWEL
    start: 1.492
    type: viseme
  - id: DENTAL_ALVEOLAR
    start: 1.52
    type: viseme
  - id: DENTAL_ALVEOLAR
    start: 1.618
    type: viseme
  - id: DENTAL_ALVEOLAR
    start: 1.713
    type: viseme
  - id: OPEN_FRONT_VOWEL
    start: 1.764
    type: viseme
  - id: BILABIAL
    start: 1.949
    type: viseme
  - id: IDLE
    start: 2.064
    type: viseme
  - id: IDLE
    start: 2.682
    type: viseme
  - id: OPEN_FRONT_VOWEL
    start: 3.442
    type: viseme
  - id: DENTAL_ALVEOLAR
    start: 3.484
    type: viseme
  - id: DENTAL_ALVEOLAR
    start: 3.517
    type: viseme
  - id: DENTAL_ALVEOLAR
    start: 3.557
    type: viseme
  - id: OPEN_FRONT_VOWEL
    start: 3.667
    type: viseme
  - id: VELAR_GLOTTAL
    start: 3.719
    type: viseme
  - id: BILABIAL
    start: 3.778
    type: viseme
  - id: POSTALVEOLAR
    start: 3.877
    type: viseme
  - id: OPEN_FRONT_VOWEL
    start: 3.92
    type: viseme
  - id: INTERDENTAL
    start: 4.001
    type: viseme
  - id: CLOSE_BACK_VOWEL
    start: 4.081
    type: viseme
  - id: OPEN_FRONT_VOWEL
    start: 4.203
    type: viseme
  - id: DENTAL_ALVEOLAR
    start: 4.239
    type: viseme
  - id: OPEN_FRONT_VOWEL
    start: 4.304
    type: viseme
  - id: DENTAL_ALVEOLAR
    start: 4.422
    type: viseme
  - id: CLOSE_FRONT_VOWEL
    start: 4.486
    type: viseme
  - id: DENTAL_ALVEOLAR
    start: 4.614
    type: viseme
  - id: DENTAL_ALVEOLAR
    start: 4.664
    type: viseme
  - id: CLOSE_BACK_VOWEL
    start: 4.768
    type: viseme
  - id: IDLE
    start: 5.024
    type: viseme
  file: /mnt/hgfs/interaction-lab/catkin_ws/src/cordial-public/cordial_example/speech/data/statement13.wav
  text: '"<speak><lang xml:lang="en-US">But don''t worry, I can still stop <break
    time="100ms"/><amazon:breath duration="long" volume="x-loud"/><break time="700ms"/>and
    take breath when I need to.</lang></speak>"'
statement14:
  behaviors:
  - id: OPEN_FRONT_VOWEL
    start: 0.006
    type: viseme
  - id: VELAR_GLOTTAL
    start: 0.121
    type: viseme
  - id: OPEN_BACK_VOWEL
    start: 0.147
    type: viseme
  - id: BILABIAL
    start: 0.311
    type: viseme
  - id: CLOSE_FRONT_VOWEL
    start: 0.421
    type: viseme
  - id: CLOSE_BACK_VOWEL
    start: 0.498
    type: viseme
  - id: CLOSE_FRONT_VOWEL
    start: 0.588
    type: viseme
  - id: DENTAL_ALVEOLAR
    start: 0.631
    type: viseme
  - id: POSTALVEOLAR
    start: 0.691
    type: viseme
  - id: OPEN_BACK_VOWEL
    start: 0.79
    type: viseme
  - id: CLOSE_BACK_VOWEL
    start: 0.939
    type: viseme
  - id: OPEN_FRONT_VOWEL
    start: 1.038
    type: viseme
  - id: VELAR_GLOTTAL
    start: 1.094
    type: viseme
  - id: CLOSE_FRONT_VOWEL
    start: 1.194
    type: viseme
  - id: VELAR_GLOTTAL
    start: 1.226
    type: viseme
  - id: CLOSE_BACK_VOWEL
    start: 1.305
    type: viseme
  - id: CLOSE_FRONT_VOWEL
    start: 1.356
    type: viseme
  - id: INTERDENTAL
    start: 1.394
    type: viseme
  - id: BILABIAL
    start: 1.483
    type: viseme
  - id: CLOSE_FRONT_VOWEL
    start: 1.534
    type: viseme
  - id: IDLE
    start: 1.85
    type: viseme
  file: /mnt/hgfs/interaction-lab/catkin_ws/src/cordial-public/cordial_example/speech/data/statement14.wav
  text: '"<speak><lang xml:lang="en-US">I hope you enjoy working with me!</lang></speak>"'
statement2:
  behaviors:
  - args: []
    id: doubleBrowRaise
    start: 1.356
    type: action
  - id: OPEN_FRONT_VOWEL
    start: 0.006
    type: viseme
  - id: DENTAL_ALVEOLAR
    start: 0.118
    type: viseme
  - id: DENTAL_ALVEOLAR
    start: 0.18
    type: viseme
  - id: CLOSE_BACK_VOWEL
    start: 0.269
    type: viseme
  - id: BILABIAL
    start: 0.338
    type: viseme
  - id: CLOSE_FRONT_VOWEL
    start: 0.384
    type: viseme
  - id: VELAR_GLOTTAL
    start: 0.471
    type: viseme
  - id: OPEN_FRONT_VOWEL
    start: 0.595
    type: viseme
  - id: LABIODENTAL
    start: 0.703
    type: viseme
  - id: CLOSE_FRONT_VOWEL
    start: 0.731
    type: viseme
  - id: OPEN_FRONT_VOWEL
    start: 0.812
    type: viseme
  - id: DENTAL_ALVEOLAR
    start: 0.909
    type: viseme
  - id: DENTAL_ALVEOLAR
    start: 1.001
    type: viseme
  - id: OPEN_FRONT_VOWEL
    start: 1.105
    type: viseme
  - id: VELAR_GLOTTAL
    start: 1.244
    type: viseme
  - id: DENTAL_ALVEOLAR
    start: 1.297
    type: viseme
  - id: CLOSE_FRONT_VOWEL
    start: 1.346
    type: viseme
  - id: DENTAL_ALVEOLAR
    start: 1.379
    type: viseme
  - id: INTERDENTAL
    start: 1.437
    type: viseme
  - id: MID_CENTRAL_VOWEL
    start: 1.481
    type: viseme
  - id: DENTAL_ALVEOLAR
    start: 1.531
    type: viseme
  - id: VELAR_GLOTTAL
    start: 1.642
    type: viseme
  - id: POSTALVEOLAR
    start: 1.7
    type: viseme
  - id: CLOSE_FRONT_VOWEL
    start: 1.8
    type: viseme
  - id: BILABIAL
    start: 1.903
    type: viseme
  - id: DENTAL_ALVEOLAR
    start: 1.975
    type: viseme
  - id: IDLE
    start: 2.143
    type: viseme
  file: /mnt/hgfs/interaction-lab/catkin_ws/src/cordial-public/cordial_example/speech/data/statement2.wav
  text: '"<speak><lang xml:lang="en-US">I''ll do behaviors tagged in the script!</lang></speak>"'
statement3:
  behaviors:
  - id: INTERDENTAL
    start: 0.006
    type: viseme
  - id: CLOSE_FRONT_VOWEL
    start: 0.049
    type: viseme
  - id: DENTAL_ALVEOLAR
    start: 0.147
    type: viseme
  - id: LABIODENTAL
    start: 0.236
    type: viseme
  - id: OPEN_FRONT_VOWEL
    start: 0.313
    type: viseme
  - id: DENTAL_ALVEOLAR
    start: 0.45
    type: viseme
  - id: DENTAL_ALVEOLAR
    start: 0.522
    type: viseme
  - id: LABIODENTAL
    start: 0.547
    type: viseme
  - id: CLOSE_FRONT_VOWEL
    start: 0.655
    type: viseme
  - id: CLOSE_BACK_VOWEL
    start: 0.723
    type: viseme
  - id: DENTAL_ALVEOLAR
    start: 0.773
    type: viseme
  - id: OPEN_FRONT_VOWEL
    start: 0.866
    type: viseme
  - id: DENTAL_ALVEOLAR
    start: 0.903
    type: viseme
  - id: DENTAL_ALVEOLAR
    start: 0.962
    type: viseme
  - id: DENTAL_ALVEOLAR
    start: 1.023
    type: viseme
  - id: DENTAL_ALVEOLAR
    start: 1.151
    type: viseme
  - id: MID_CENTRAL_VOWEL
    start: 1.24
    type: viseme
  - id: DENTAL_ALVEOLAR
    start: 1.29
    type: viseme
  - id: CLOSE_BACK_VOWEL
    start: 1.346
    type: viseme
  - id: OPEN_FRONT_VOWEL
    start: 1.373
    type: viseme
  - id: BILABIAL
    start: 1.423
    type: viseme
  - id: POSTALVEOLAR
    start: 1.535
    type: viseme
  - id: CLOSE_FRONT_VOWEL
    start: 1.562
    type: viseme
  - id: POSTALVEOLAR
    start: 1.667
    type: viseme
  - id: OPEN_FRONT_VOWEL
    start: 1.783
    type: viseme
  - id: DENTAL_ALVEOLAR
    start: 1.833
    type: viseme
  - id: OPEN_FRONT_VOWEL
    start: 1.876
    type: viseme
  - id: OPEN_FRONT_VOWEL
    start: 2.025
    type: viseme
  - id: DENTAL_ALVEOLAR
    start: 2.104
    type: viseme
  - id: MID_CENTRAL_VOWEL
    start: 2.146
    type: viseme
  - id: DENTAL_ALVEOLAR
    start: 2.219
    type: viseme
  - id: IDLE
    start: 2.351
    type: viseme
  file: /mnt/hgfs/interaction-lab/catkin_ws/src/cordial-public/cordial_example/speech/data/statement3.wav
  text: '"<speak><lang xml:lang="en-US">These first few sentences were pre-generated.</lang></speak>"'
statement4:
  behaviors:
  - id: OPEN_FRONT_VOWEL
    start: 0.006
    type: viseme
  - id: POSTALVEOLAR
    start: 0.117
    type: viseme
  - id: OPEN_FRONT_VOWEL
    start: 0.191
    type: viseme
  - id: VELAR_GLOTTAL
    start: 0.244
    type: viseme
  - id: MID_CENTRAL_VOWEL
    start: 0.34
    type: viseme
  - id: BILABIAL
    start: 0.371
    type: viseme
  - id: OPEN_FRONT_VOWEL
    start: 0.413
    type: viseme
  - id: DENTAL_ALVEOLAR
    start: 0.452
    type: viseme
  - id: DENTAL_ALVEOLAR
    start: 0.513
    type: viseme
  - id: CLOSE_FRONT_VOWEL
    start: 0.549
    type: viseme
  - id: CLOSE_BACK_VOWEL
    start: 0.589
    type: viseme
  - id: VELAR_GLOTTAL
    start: 0.639
    type: viseme
  - id: CLOSE_FRONT_VOWEL
    start: 0.712
    type: viseme
  - id: BILABIAL
    start: 0.784
    type: viseme
  - id: BILABIAL
    start: 0.818
    type: viseme
  - id: OPEN_FRONT_VOWEL
    start: 0.888
    type: viseme
  - id: DENTAL_ALVEOLAR
    start: 0.977
    type: viseme
  - id: DENTAL_ALVEOLAR
    start: 1.104
    type: viseme
  - id: OPEN_FRONT_VOWEL
    start: 1.154
    type: viseme
  - id: DENTAL_ALVEOLAR
    start: 1.251
    type: viseme
  - id: BILABIAL
    start: 1.282
    type: viseme
  - id: MID_CENTRAL_VOWEL
    start: 1.344
    type: viseme
  - id: DENTAL_ALVEOLAR
    start: 1.371
    type: viseme
  - id: DENTAL_ALVEOLAR
    start: 1.401
    type: viseme
  - id: DENTAL_ALVEOLAR
    start: 1.431
    type: viseme
  - id: POSTALVEOLAR
    start: 1.487
    type: viseme
  - id: OPEN_BACK_VOWEL
    start: 1.612
    type: viseme
  - id: POSTALVEOLAR
    start: 1.698
    type: viseme
  - id: DENTAL_ALVEOLAR
    start: 1.763
    type: viseme
  - id: MID_CENTRAL_VOWEL
    start: 1.806
    type: viseme
  - id: DENTAL_ALVEOLAR
    start: 1.841
    type: viseme
  - id: DENTAL_ALVEOLAR
    start: 1.879
    type: viseme
  - id: DENTAL_ALVEOLAR
    start: 1.926
    type: viseme
  - id: CLOSE_BACK_VOWEL
    start: 2.029
    type: viseme
  - id: CLOSE_FRONT_VOWEL
    start: 2.142
    type: viseme
  - id: DENTAL_ALVEOLAR
    start: 2.325
    type: viseme
  - id: IDLE
    start: 2.484
    type: viseme
  file: /mnt/hgfs/interaction-lab/catkin_ws/src/cordial-public/cordial_example/speech/data/statement4.wav
  text: '"<speak><lang xml:lang="en-US">I recommend you keep my statements short and
    sweet.</lang></speak>"'
statement5:
  behaviors:
  - args: []
    id: mischievous
    start: 0.5660000000000001
    type: action
  - id: CLOSE_FRONT_VOWEL
    start: 0.006
    type: viseme
  - id: DENTAL_ALVEOLAR
    start: 0.077
    type: viseme
  - id: BILABIAL
    start: 0.108
    type: viseme
  - id: OPEN_FRONT_VOWEL
    start: 0.179
    type: viseme
  - id: VELAR_GLOTTAL
    start: 0.27
    type: viseme
  - id: DENTAL_ALVEOLAR
    start: 0.314
    type: viseme
  - id: CLOSE_FRONT_VOWEL
    start: 0.457
    type: viseme
  - id: DENTAL_ALVEOLAR
    start: 0.518
    type: viseme
  - id: CLOSE_FRONT_VOWEL
    start: 0.556
    type: viseme
  - id: DENTAL_ALVEOLAR
    start: 0.661
    type: viseme
  - id: CLOSE_FRONT_VOWEL
    start: 0.729
    type: viseme
  - id: OPEN_FRONT_VOWEL
    start: 0.79
    type: viseme
  - id: LABIODENTAL
    start: 0.874
    type: viseme
  - id: OPEN_BACK_VOWEL
    start: 0.942
    type: viseme
  - id: POSTALVEOLAR
    start: 0.982
    type: viseme
  - id: OPEN_FRONT_VOWEL
    start: 1.032
    type: viseme
  - id: LABIODENTAL
    start: 1.127
    type: viseme
  - id: POSTALVEOLAR
    start: 1.183
    type: viseme
  - id: CLOSE_FRONT_VOWEL
    start: 1.22
    type: viseme
  - id: INTERDENTAL
    start: 1.269
    type: viseme
  - id: CLOSE_FRONT_VOWEL
    start: 1.319
    type: viseme
  - id: VELAR_GLOTTAL
    start: 1.36
    type: viseme
  - id: DENTAL_ALVEOLAR
    start: 1.425
    type: viseme
  - id: CLOSE_BACK_VOWEL
    start: 1.469
    type: viseme
  - id: DENTAL_ALVEOLAR
    start: 1.505
    type: viseme
  - id: DENTAL_ALVEOLAR
    start: 1.619
    type: viseme
  - id: OPEN_FRONT_VOWEL
    start: 1.666
    type: viseme
  - id: DENTAL_ALVEOLAR
    start: 1.788
    type: viseme
  - id: CLOSE_FRONT_VOWEL
    start: 1.91
    type: viseme
  - id: VELAR_GLOTTAL
    start: 1.95
    type: viseme
  - id: VELAR_GLOTTAL
    start: 2.009
    type: viseme
  - id: POSTALVEOLAR
    start: 2.08
    type: viseme
  - id: MID_CENTRAL_VOWEL
    start: 2.128
    type: viseme
  - id: DENTAL_ALVEOLAR
    start: 2.154
    type: viseme
  - id: OPEN_FRONT_VOWEL
    start: 2.205
    type: viseme
  - id: DENTAL_ALVEOLAR
    start: 2.417
    type: viseme
  - id: DENTAL_ALVEOLAR
    start: 2.571
    type: viseme
  - id: IDLE
    start: 2.655
    type: viseme
  file: /mnt/hgfs/interaction-lab/catkin_ws/src/cordial-public/cordial_example/speech/data/statement5.wav
  text: '"<speak><lang xml:lang="en-US">It makes it  easier for everything to stay
    synchronized.</lang></speak>"'
statement6:
  behaviors:
  - id: OPEN_FRONT_VOWEL
    start: 0.006
    type: viseme
  - id: VELAR_GLOTTAL
    start: 0.122
    type: viseme
  - id: OPEN_FRONT_VOWEL
    start: 0.196
    type: viseme
  - id: DENTAL_ALVEOLAR
    start: 0.236
    type: viseme
  - id: OPEN_BACK_VOWEL
    start: 0.301
    type: viseme
  - id: DENTAL_ALVEOLAR
    start: 0.384
    type: viseme
  - id: DENTAL_ALVEOLAR
    start: 0.431
    type: viseme
  - id: OPEN_BACK_VOWEL
    start: 0.529
    type: viseme
  - id: BILABIAL
    start: 0.571
    type: viseme
  - id: OPEN_FRONT_VOWEL
    start: 0.625
    type: viseme
  - id: LABIODENTAL
    start: 0.652
    type: viseme
  - id: OPEN_BACK_VOWEL
    start: 0.773
    type: viseme
  - id: POSTALVEOLAR
    start: 0.841
    type: viseme
  - id: BILABIAL
    start: 0.881
    type: viseme
  - id: CLOSE_BACK_VOWEL
    start: 0.937
    type: viseme
  - id: CLOSE_FRONT_VOWEL
    start: 1.018
    type: viseme
  - id: INTERDENTAL
    start: 1.06
    type: viseme
  - id: OPEN_FRONT_VOWEL
    start: 1.148
    type: viseme
  - id: BILABIAL
    start: 1.277
    type: viseme
  - id: MID_CENTRAL_VOWEL
    start: 1.367
    type: viseme
  - id: DENTAL_ALVEOLAR
    start: 1.416
    type: viseme
  - id: OPEN_FRONT_VOWEL
    start: 1.5
    type: viseme
  - id: DENTAL_ALVEOLAR
    start: 1.618
    type: viseme
  - id: CLOSE_FRONT_VOWEL
    start: 1.69
    type: viseme
  - id: LABIODENTAL
    start: 1.73
    type: viseme
  - id: OPEN_FRONT_VOWEL
    start: 1.861
    type: viseme
  - id: VELAR_GLOTTAL
    start: 1.993
    type: viseme
  - id: DENTAL_ALVEOLAR
    start: 2.081
    type: viseme
  - id: IDLE
    start: 2.265
    type: viseme
  file: /mnt/hgfs/interaction-lab/catkin_ws/src/cordial-public/cordial_example/speech/data/statement6.wav
  text: '"<speak><lang xml:lang="en-US">I can also perform with amazon effects!</lang></speak>"'
statement7:
  behaviors:
  - args: []
    id: loud
    start: 0.016
    type: action
  - args: []
    id: quiet
    start: 1.804
    type: action
  - id: CLOSE_FRONT_VOWEL
    start: 0.006
    type: viseme
  - id: CLOSE_BACK_VOWEL
    start: 0.087
    type: viseme
  - id: VELAR_GLOTTAL
    start: 0.135
    type: viseme
  - id: OPEN_FRONT_VOWEL
    start: 0.218
    type: viseme
  - id: DENTAL_ALVEOLAR
    start: 0.253
    type: viseme
  - id: BILABIAL
    start: 0.3
    type: viseme
  - id: OPEN_FRONT_VOWEL
    start: 0.35
    type: viseme
  - id: VELAR_GLOTTAL
    start: 0.443
    type: viseme
  - id: BILABIAL
    start: 0.503
    type: viseme
  - id: OPEN_FRONT_VOWEL
    start: 0.562
    type: viseme
  - id: LABIODENTAL
    start: 0.652
    type: viseme
  - id: OPEN_BACK_VOWEL
    start: 0.741
    type: viseme
  - id: DENTAL_ALVEOLAR
    start: 0.892
    type: viseme
  - id: DENTAL_ALVEOLAR
    start: 1.006
    type: viseme
  - id: OPEN_FRONT_VOWEL
    start: 1.124
    type: viseme
  - id: DENTAL_ALVEOLAR
    start: 1.373
    type: viseme
  - id: IDLE
    start: 1.47
    type: viseme
  - id: OPEN_BACK_VOWEL
    start: 1.663
    type: viseme
  - id: POSTALVEOLAR
    start: 1.725
    type: viseme
  - id: DENTAL_ALVEOLAR
    start: 1.794
    type: viseme
  - id: OPEN_FRONT_VOWEL
    start: 1.911
    type: viseme
  - id: LABIODENTAL
    start: 2.041
    type: viseme
  - id: DENTAL_ALVEOLAR
    start: 2.123
    type: viseme
  - id: OPEN_FRONT_VOWEL
    start: 2.181
    type: viseme
  - id: DENTAL_ALVEOLAR
    start: 2.23
    type: viseme
  - id: MID_CENTRAL_VOWEL
    start: 2.293
    type: viseme
  - id: CLOSE_BACK_VOWEL
    start: 2.34
    type: viseme
  - id: CLOSE_FRONT_VOWEL
    start: 2.472
    type: viseme
  - id: DENTAL_ALVEOLAR
    start: 2.529
    type: viseme
  - id: BILABIAL
    start: 2.62
    type: viseme
  - id: OPEN_FRONT_VOWEL
    start: 2.685
    type: viseme
  - id: IDLE
    start: 2.91
    type: viseme
  file: /mnt/hgfs/interaction-lab/catkin_ws/src/cordial-public/cordial_example/speech/data/statement7.wav
  text: '"<speak><lang xml:lang="en-US">You can <prosody volume="x-loud">make my voice
    loud</prosody>, or <amazon:effect name="whispered">soft as a whisper</amazon:effect>.</lang></speak>"'
statement8:
  behaviors:
  - id: OPEN_FRONT_VOWEL
    start: 0.006
    type: viseme
  - id: VELAR_GLOTTAL
    start: 0.089
    type: viseme
  - id: OPEN_FRONT_VOWEL
    start: 0.15
    type: viseme
  - id: DENTAL_ALVEOLAR
    start: 0.188
    type: viseme
  - id: DENTAL_ALVEOLAR
    start: 0.239
    type: viseme
  - id: BILABIAL
    start: 0.352
    type: viseme
  - id: CLOSE_FRONT_VOWEL
    start: 0.406
    type: viseme
  - id: VELAR_GLOTTAL
    start: 0.49
    type: viseme
  - id: LABIODENTAL
    start: 0.525
    type: viseme
  - id: OPEN_FRONT_VOWEL
    start: 0.603
    type: viseme
  - id: DENTAL_ALVEOLAR
    start: 0.766
    type: viseme
  - id: DENTAL_ALVEOLAR
    start: 0.848
    type: viseme
  - id: CLOSE_BACK_VOWEL
    start: 0.89
    type: viseme
  - id: OPEN_FRONT_VOWEL
    start: 0.927
    type: viseme
  - id: DENTAL_ALVEOLAR
    start: 0.945
    type: viseme
  - id: OPEN_FRONT_VOWEL
    start: 0.982
    type: viseme
  - id: BILABIAL
    start: 1.04
    type: viseme
  - id: CLOSE_FRONT_VOWEL
    start: 1.093
    type: viseme
  - id: VELAR_GLOTTAL
    start: 1.134
    type: viseme
  - id: DENTAL_ALVEOLAR
    start: 1.193
    type: viseme
  - id: OPEN_FRONT_VOWEL
    start: 1.283
    type: viseme
  - id: DENTAL_ALVEOLAR
    start: 1.384
    type: viseme
  - id: MID_CENTRAL_VOWEL
    start: 1.414
    type: viseme
  - id: DENTAL_ALVEOLAR
    start: 1.509
    type: viseme
  - id: IDLE
    start: 1.59
    type: viseme
  - id: OPEN_BACK_VOWEL
    start: 1.777
    type: viseme
  - id: POSTALVEOLAR
    start: 1.826
    type: viseme
  - id: DENTAL_ALVEOLAR
    start: 1.898
    type: viseme
  - id: DENTAL_ALVEOLAR
    start: 2.154
    type: viseme
  - id: OPEN_BACK_VOWEL
    start: 2.258
    type: viseme
  - id: DENTAL_ALVEOLAR
    start: 2.472
    type: viseme
  - id: OPEN_FRONT_VOWEL
    start: 2.538
    type: viseme
  - id: DENTAL_ALVEOLAR
    start: 2.719
    type: viseme
  - id: DENTAL_ALVEOLAR
    start: 2.826
    type: viseme
  - id: CLOSE_BACK_VOWEL
    start: 2.979
    type: viseme
  - id: CLOSE_FRONT_VOWEL
    start: 3.12
    type: viseme
  - id: VELAR_GLOTTAL
    start: 3.161
    type: viseme
  - id: DENTAL_ALVEOLAR
    start: 3.246
    type: viseme
  - id: BILABIAL
    start: 3.392
    type: viseme
  - id: DENTAL_ALVEOLAR
    start: 3.459
    type: viseme
  - id: OPEN_FRONT_VOWEL
    start: 3.564
    type: viseme
  - id: DENTAL_ALVEOLAR
    start: 3.662
    type: viseme
  - id: INTERDENTAL
    start: 3.735
    type: viseme
  - id: CLOSE_FRONT_VOWEL
    start: 3.872
    type: viseme
  - id: VELAR_GLOTTAL
    start: 3.928
    type: viseme
  - id: DENTAL_ALVEOLAR
    start: 4.372
    type: viseme
  - id: IDLE
    start: 4.626
    type: viseme
  file: /mnt/hgfs/interaction-lab/catkin_ws/src/cordial-public/cordial_example/speech/data/statement8.wav
  text: '"<speak><lang xml:lang="en-US"><prosody rate="fast">I can speak fast when
    I''m excited</prosody>, <prosody rate="x-slow">or slow down to explain things</prosody>.</lang></speak>"'
statement9:
  behaviors:
  - id: BILABIAL
    start: 0.006
    type: viseme
  - id: OPEN_FRONT_VOWEL
    start: 0.066
    type: viseme
  - id: LABIODENTAL
    start: 0.147
    type: viseme
  - id: OPEN_BACK_VOWEL
    start: 0.223
    type: viseme
  - id: DENTAL_ALVEOLAR
    start: 0.386
    type: viseme
  - id: VELAR_GLOTTAL
    start: 0.493
    type: viseme
  - id: OPEN_FRONT_VOWEL
    start: 0.575
    type: viseme
  - id: DENTAL_ALVEOLAR
    start: 0.597
    type: viseme
  - id: BILABIAL
    start: 0.653
    type: viseme
  - id: CLOSE_FRONT_VOWEL
    start: 0.692
    type: viseme
  - id: DENTAL_ALVEOLAR
    start: 0.794
    type: viseme
  - id: OPEN_BACK_VOWEL
    start: 0.867
    type: viseme
  - id: IDLE
    start: 1.142
    type: viseme
  - id: OPEN_BACK_VOWEL
    start: 1.336
    type: viseme
  - id: POSTALVEOLAR
    start: 1.41
    type: viseme
  - id: CLOSE_FRONT_VOWEL
    start: 1.458
    type: viseme
  - id: DENTAL_ALVEOLAR
    start: 1.499
    type: viseme
  - id: VELAR_GLOTTAL
    start: 1.533
    type: viseme
  - id: OPEN_FRONT_VOWEL
    start: 1.624
    type: viseme
  - id: DENTAL_ALVEOLAR
    start: 1.656
    type: viseme
  - id: BILABIAL
    start: 1.693
    type: viseme
  - id: CLOSE_FRONT_VOWEL
    start: 1.74
    type: viseme
  - id: VELAR_GLOTTAL
    start: 1.839
    type: viseme
  - id: OPEN_FRONT_VOWEL
    start: 1.935
    type: viseme
  - id: IDLE
    start: 2.235
    type: viseme
  - id: OPEN_BACK_VOWEL
    start: 2.628
    type: viseme
  - id: POSTALVEOLAR
    start: 2.723
    type: viseme
  - id: CLOSE_FRONT_VOWEL
    start: 2.799
    type: viseme
  - id: LABIODENTAL
    start: 2.909
    type: viseme
  - id: DENTAL_ALVEOLAR
    start: 2.979
    type: viseme
  - id: POSTALVEOLAR
    start: 3.076
    type: viseme
  - id: CLOSE_FRONT_VOWEL
    start: 3.167
    type: viseme
  - id: MID_CENTRAL_VOWEL
    start: 3.212
    type: viseme
  - id: DENTAL_ALVEOLAR
    start: 3.254
    type: viseme
  - id: CLOSE_FRONT_VOWEL
    start: 3.322
    type: viseme
  - id: VELAR_GLOTTAL
    start: 3.392
    type: viseme
  - id: OPEN_FRONT_VOWEL
    start: 3.48
    type: viseme
  - id: IDLE
    start: 3.85
    type: viseme
  file: /mnt/hgfs/interaction-lab/catkin_ws/src/cordial-public/cordial_example/speech/data/statement9.wav
  text: '"<speak><lang xml:lang="en-US"><prosody pitch="low">My voice can be low</prosody>,
    <prosody pitch="high">or it can be high</prosody>. <prosody pitch="x-high">Or
    even really high</prosody>!</lang></speak>"'
